// Bun Snapshot v1, https://bun.sh/docs/test/snapshots

exports[`XID Ledger 8. Formatting should match the summary snapshot 1`] = `
"XID Ledger (4 revisions)
XID: XID(9075b50b)

  #0 [e68fd97e] 2025-01-01T00:00:00Z "genesis"
  #1 [e650a82a] 2025-01-02T00:00:00Z "add-bob"
  #2 [0e0eb11a] 2025-01-03T00:00:00Z "remove-inception"
  #3 [08b020f5] 2025-01-04T00:00:00Z "add-carol""
`;
