// Bun Snapshot v1, https://bun.sh/docs/test/snapshots

exports[`XID Ledger 5. Summary should match the ledger summary snapshot 1`] = `
"XID Ledger (3 revisions)
XID: XID(5574aeaf)

  #0 [c2a54b58] 2025-01-01T00:00:00Z "genesis"
  #1 [ea3da3a2] 2025-01-02T00:00:00Z "add-second-key"
  #2 [7a00c8ef] 2025-01-03T00:00:00Z "add-third-key""
`;
